opt
home
service
etc/passwd
etc/shadow
etc/group
etc/gshadow
usr/local/etc/ssh/ssh_host_dsa_key
usr/local/etc/ssh/ssh_host_dsa_key.pub
usr/local/etc/ssh/ssh_host_ecdsa_key
usr/local/etc/ssh/ssh_host_ecdsa_key.pub
usr/local/etc/ssh/ssh_host_ed25519_key
usr/local/etc/ssh/ssh_host_ed25519_key.pub
usr/local/etc/ssh/ssh_host_rsa_key
usr/local/etc/ssh/ssh_host_rsa_key.pub
usr/local/etc/ssh/sshd_config
etc/udhcpd.conf
etc/hostapd.conf
etc/dnsmasq.conf
etc/watchdog.conf
etc/lircd.conf
etc/sv
etc/udev/rules.d/56-tinypilot.rules
etc/motd
etc/udev/rules.d/60-gpsd.rules
lib/udev/gpsd.hotplug.wrapper
lib/udev/wlan.hotplug.wrapper
